✔ config dir は state、env、既定の順で解決し state の ~ を展開する (3.5797ms)
✔ アカウント設定パスは既定 config dir だけ home 直下になる (0.4311ms)
✔ アカウントメールは有効な非空文字列だけを採用する (0.3011ms)
✔ child env は state の config dir だけ上書きし、他の CLAUDE 変数を落とす (0.6532ms)
✔ VSCode CLI は明示パス、ユーザーインストール、未検出の順で解決する (0.4244ms)
✔ Claude Code の open URI にプロンプトを URL エンコードする (0.2013ms)
✔ PowerShell 退避コマンドは code CLI の有無に応じた引用済みコマンドを返す (0.4968ms)
✔ 自前拡張 URI は prompt/cwd/claude を個別に URL エンコードする (0.5086ms)
✔ vscode-ext の URI は cmd.exe で & が切れないよう引用される (0.4251ms)
✔ 同梱 VSIX は数値バージョンが最新のものを選ぶ (51.589599ms)
✔ 同梱 VSIX は未導入または旧版のときだけインストールする (0.9227ms)
✔ VSCode 起動は code.cmd を cmd.exe /c 経由で実行する (0.2929ms)
✔ 既定は VSCode 経路で、ターミナルは明示したときだけ選ぶ (0.2373ms)
✔ inline は target と旧 mode の各経路で選べ、明示 target の優先順位が最も高い (0.232ms)
✔ 引き継ぎコメントから Windows cwd を取り出す (0.3452ms)
✔ 引き継ぎコメントをセグメント単位で解析する (0.3037ms)
✔ VSCode 拡張バージョンを辞書順ではなく数値で比較する (0.4801ms)
✔ インストール版 claude-code のバージョンディレクトリから最新を選ぶ (0.6348ms)
✔ CLAUDE_CLI_PATH を最優先し、無ければ VSCode 拡張へ落ちる (0.445ms)
✔ Windows Terminal と cmd.exe の起動 argv を組み立てる (0.2663ms)
✔ handoffのsonnet/opusだけをterminal起動の--modelへ渡す (0.2446ms)
✔ 起動抑止と force の安全境界を判定する (0.2947ms)
✔ 未送信の VSCode タブを注入した prompt の送信有無から判定する (0.3465ms)
✔ 未送信タブは通常起動を抑止し、force なら起動する (0.2239ms)
✔ --set-target は他の state を保持し、不正値では何も書かない (2.3031ms)
✔ --set-target vscode-ext の保存値を --show-target が返す (0.5474ms)
✔ inline は spawn せず予約し、lastRoute を inline で保存する (1.5881ms)
✔ inline は前回 VSCode タブが未送信でも予約できる (1.319ms)
✔ inline dry-run は spawn も予約も state 更新もしない (0.5945ms)
✔ 起動成功時に detached spawn し state を tmp から原子的に更新する (1.2575ms)
✔ handoff cwd が存在しない場合は存在する current cwd を使って通知する (1.083ms)
✔ 他人の新しい transcript では未送信タブの抑止を解除しない (0.455ms)
✔ 最初の user メッセージに注入 prompt があれば起動する (0.534ms)
✔ hook の添付レコードが先にあっても本物の user 入力を見る (0.4624ms)
✔ transcript の先頭読み取り失敗時は fail-open で起動する (0.5102ms)
✔ transcript bucket が無い(ENOENT)ときは未送信として抑止する (0.3893ms)
✔ ENOENT 以外の readdir 失敗は fail-open で起動する (0.451ms)
✔ dry-run は plan だけを出して spawn しない (0.4973ms)
✔ VSCode 経路は既定で URI だけを撃ち、既存ウィンドウを再読み込みしない (2.1825ms)
✔ VSCode spawn が ENOENT の時は PowerShell 退避コマンドを出して exit 0 を保つ (0.838999ms)
✔ ENOENT/spawn ではない起動失敗では PowerShell 退避を出さない (0.751ms)
✔ --open-folder のときだけ新規ウィンドウ(-n)を先に開く (0.505ms)
✔ VSCode dry-run は route と手順だけを出して spawn しない (0.3654ms)
✔ vscode-ext は未導入時だけ VSIX を先に入れ、正しい URI を開く (1.3065ms)
✔ vscode-ext は同版が導入済みなら再インストールしない (0.4138ms)
✔ vscode-ext は導入済みでも旧版なら強制更新する (0.7891ms)
✔ vscode-ext は URI を撃った子プロセスの exit を待ってから終わる (28.185ms)
✔ vscode-ext で code CLI が無い時は理由を出して既存 vscode 経路へフォールバックする (0.6843ms)
✔ CLAUDE_HEADLESS は VSCode 経路も抑止する (0.4284ms)
✔ 抑止時は spawn せず常に exit 0 (0.3462ms)
✔ wt.exe は existsSync ではなく readdir で見つける (0.4624ms)
✔ 親セッションの CLAUDE* 環境変数を新セッションへ渡さない (0.1595ms)
✔ trustKeyVariants はスラッシュ両表記を重複なく返す (0.1351ms)
✔ applyTrust は元設定を破壊せず、既存フィールドを保って両表記を登録する (0.255ms)
✔ ターミナル経路はフォルダ信頼を tmp から原子的に登録してから起動する (0.6517ms)
✔ フォルダ信頼が両表記で登録済みなら .claude.json を書き込まない (0.6256ms)
✔ ORGIAST_NO_AUTO_TRUST=1 は信頼設定だけを飛ばして起動する (0.3948ms)
✔ ~/.claude.json が読めない/壊れている時は絶対に書き戻さない (0.7776ms)
✔ VSCode 経路はアカウント確認で .claude.json を読むが書き込まない (0.4769ms)
✔ VSCode CLI が見つからない時はターミナルへ落とさず何も起動しない (0.2548ms)
✔ 取得したアカウントを成功ログと state に記録する (0.5322ms)
✔ アカウント不明でも起動を止めず候補パスをログに出す (0.3648ms)
✔ state.configDir は子プロセスの CLAUDE_CONFIG_DIR を上書きする (0.4152ms)
✔ vscode 経路のアカウントは断定せず参考値として出す (0.139ms)
✔ vscode 経路で state.configDir が指定されていたら効かないことを警告する (0.4501ms)
✔ headless は cheap-code を先に試し、成功なら1行ログを残して台帳には書かない (3.2343ms)
✔ headless は cheap-code 失敗時に既定で claude へ落とさず skipped を記録する (3.9449ms)
✔ headless は opt-in 時だけ cheap-code 失敗後に claude へ落とす (2.932ms)
✔ headless は glm 失敗後に deepseek の代替レーンで成功する (6.1188ms)
ℹ tests 69
ℹ suites 0
ℹ pass 69
ℹ fail 0
ℹ cancelled 0
ℹ skipped 0
ℹ todo 0
ℹ duration_ms 322.441495
