✔ URI concurrency and tab title events replenish one without interactive rename (544.923212ms)
✔ concurrent refill opens one; first prompt title change replenishes one (15.078ms)
✔ excess tabs and used tabs are preserved; failure does not spawn in a loop (0.9351ms)
✔ unacknowledged creation stops; non-owner never opens (0.7199ms)
✔ socket ownership serializes windows and releases on close (22.2355ms)
✔ JSON/env configuration and stale snapshot are validated (2.3121ms)
✔ CLI and VSIX state readers are byte-identical (15.068901ms)
✔ /reload はリロードを実行する（dry指定なし） (3.3094ms)
✔ /reload?dry=1 は dry フラグ付きでリロードを返す（実際には実行しない） (0.3507ms)
✔ /start は start を返す（既存動作） (0.4498ms)
✔ /mobile は count と name を返し、count を 1..10 に収める (0.5622ms)
✔ 未知のパスは start を返す（後方互換） (0.4141ms)
✔ 空のパスは start を返す (3.916001ms)
✔ スマホ用タブは失敗回数が上限未満の間だけ再試行する (1.8395ms)
✔ Claude Code タブが無いときは Open、既にあれば New Conversation を使う (0.9047ms)
✔ 実在する絶対パスの claude または claude.exe だけを採用する (3.8594ms)
✔ 相対パス・別名・存在しないパスはPATH上のclaudeへフォールバックする (0.7459ms)
✔ mobile-sessions の引数は既定値と明示値を解釈する (2.7681ms)
✔ mobile URI は名前を URL エンコードする (0.3647ms)
✔ code.cmd は cmd.exe の一枚文字列で URI ごと引用する (0.3233ms)
✔ dry-run reports actual snapshot and never resolves CLI or spawns (2.527ms)
✔ unknown snapshot is not reported as zero (0.9725ms)
✔ config dir は state、env、既定の順で解決し state の ~ を展開する (4.3891ms)
✔ アカウント設定パスは既定 config dir だけ home 直下になる (0.5547ms)
✔ アカウントメールは有効な非空文字列だけを採用する (0.3095ms)
✔ child env は state の config dir だけ上書きし、他の CLAUDE 変数を落とす (0.5501ms)
✔ VSCode CLI は明示パス、ユーザーインストール、未検出の順で解決する (0.4638ms)
✔ Claude Code の open URI にプロンプトを URL エンコードする (0.3723ms)
✔ PowerShell 退避コマンドは code CLI の有無に応じた引用済みコマンドを返す (0.6647ms)
✔ 自前拡張 URI は prompt/cwd/claude を個別に URL エンコードする (0.713ms)
✔ vscode-ext の URI は cmd.exe で & が切れないよう引用される (0.505ms)
✔ 同梱 VSIX は数値バージョンが最新のものを選ぶ (47.624501ms)
✔ 同梱 VSIX は未導入または旧版のときだけインストールする (0.7474ms)
✔ VSCode 起動は code.cmd を cmd.exe /c 経由で実行する (0.2924ms)
✔ 既定は VSCode 経路で、ターミナルは明示したときだけ選ぶ (0.3922ms)
✔ inline は target と旧 mode の各経路で選べ、明示 target の優先順位が最も高い (0.2212ms)
✔ 引き継ぎコメントから Windows cwd を取り出す (0.3791ms)
✔ 引き継ぎコメントをセグメント単位で解析する (0.2638ms)
✔ VSCode 拡張バージョンを辞書順ではなく数値で比較する (0.4437ms)
✔ インストール版 claude-code のバージョンディレクトリから最新を選ぶ (0.7391ms)
✔ CLAUDE_CLI_PATH を最優先し、無ければ VSCode 拡張へ落ちる (0.475ms)
✔ Windows Terminal と cmd.exe の起動 argv を組み立てる (0.4498ms)
✔ handoffのsonnet/opusだけをterminal起動の--modelへ渡す (0.404ms)
✔ 起動抑止と force の安全境界を判定する (0.3328ms)
✔ 未送信の VSCode タブを注入した prompt の送信有無から判定する (0.2404ms)
✔ 未送信タブは通常起動を抑止し、force なら起動する (0.1694ms)
✔ --set-target は他の state を保持し、不正値では何も書かない (2.3482ms)
✔ --set-target vscode-ext の保存値を --show-target が返す (0.5713ms)
✔ inline は spawn せず予約し、lastRoute を inline で保存する (2.2653ms)
✔ inline は前回 VSCode タブが未送信でも予約できる (2.440701ms)
✔ inline dry-run は spawn も予約も state 更新もしない (1.0289ms)
✔ 起動成功時に detached spawn し state を tmp から原子的に更新する (1.7403ms)
✔ handoff cwd が存在しない場合は存在する current cwd を使って通知する (4.6328ms)
✔ 他人の新しい transcript では未送信タブの抑止を解除しない (0.5704ms)
✔ 最初の user メッセージに注入 prompt があれば起動する (0.8522ms)
✔ hook の添付レコードが先にあっても本物の user 入力を見る (0.6631ms)
✔ transcript の先頭読み取り失敗時は fail-open で起動する (0.5517ms)
✔ transcript bucket が無い(ENOENT)ときは未送信として抑止する (0.3942ms)
✔ ENOENT 以外の readdir 失敗は fail-open で起動する (0.5892ms)
✔ dry-run は plan だけを出して spawn しない (3.4697ms)
✔ VSCode 経路は既定で URI だけを撃ち、既存ウィンドウを再読み込みしない (0.7554ms)
✔ VSCode spawn が ENOENT の時は PowerShell 退避コマンドを出して exit 0 を保つ (0.8073ms)
✔ ENOENT/spawn ではない起動失敗では PowerShell 退避を出さない (0.9743ms)
✔ --open-folder のときだけ新規ウィンドウ(-n)を先に開く (0.4578ms)
✔ VSCode dry-run は route と手順だけを出して spawn しない (0.51ms)
✔ vscode-ext は未導入時だけ VSIX を先に入れ、正しい URI を開く (1.3718ms)
✔ vscode-ext は同版が導入済みなら再インストールしない (0.5459ms)
✔ vscode-ext は導入済みでも旧版なら強制更新する (0.4227ms)
✔ vscode-ext は URI を撃った子プロセスの exit を待ってから終わる (32.051601ms)
✔ vscode-ext で code CLI が無い時は理由を出して既存 vscode 経路へフォールバックする (0.6899ms)
✔ CLAUDE_HEADLESS は VSCode 経路も抑止する (0.3028ms)
✔ 抑止時は spawn せず常に exit 0 (0.2429ms)
✔ wt.exe は existsSync ではなく readdir で見つける (0.2598ms)
✔ 親セッションの CLAUDE* 環境変数を新セッションへ渡さない (0.142ms)
✔ trustKeyVariants はスラッシュ両表記を重複なく返す (0.1533ms)
✔ applyTrust は元設定を破壊せず、既存フィールドを保って両表記を登録する (0.267ms)
✔ ターミナル経路はフォルダ信頼を tmp から原子的に登録してから起動する (0.5964ms)
✔ フォルダ信頼が両表記で登録済みなら .claude.json を書き込まない (0.7812ms)
✔ ORGIAST_NO_AUTO_TRUST=1 は信頼設定だけを飛ばして起動する (0.3922ms)
✔ ~/.claude.json が読めない/壊れている時は絶対に書き戻さない (0.6636ms)
✔ VSCode 経路はアカウント確認で .claude.json を読むが書き込まない (0.4932ms)
✔ VSCode CLI が見つからない時はターミナルへ落とさず何も起動しない (0.2662ms)
✔ 取得したアカウントを成功ログと state に記録する (0.5269ms)
✔ アカウント不明でも起動を止めず候補パスをログに出す (0.977ms)
✔ state.configDir は子プロセスの CLAUDE_CONFIG_DIR を上書きする (0.5199ms)
✔ vscode 経路のアカウントは断定せず参考値として出す (0.1906ms)
✔ vscode 経路で state.configDir が指定されていたら効かないことを警告する (0.4878ms)
✔ headless は cheap-code を先に試し、成功なら1行ログを残して台帳には書かない (3.2754ms)
✔ headless は cheap-code 失敗時に既定で claude へ落とさず skipped を記録する (2.0992ms)
✔ headless は opt-in 時だけ cheap-code 失敗後に claude へ落とす (2.3258ms)
✔ headless は glm 失敗後に deepseek の代替レーンで成功する (3.3222ms)
fixed=0 pr=0 deferred=1 escalated=0 suppressed=0
{
  "exitCode": 0,
  "fixed": [],
  "prs": [],
  "escalated": [],
  "deferred": [],
  "suppressed": [],
  "skipped": [],
  "plan": [
    {
      "label": "pr-case",
      "action": "deferred",
      "reason": "同じfingerprintのPRがopenでマージ待ち",
      "text": "PLAN pr-case: deferred(同じfingerprintのPRがopenでマージ待ち)"
    }
  ]
}
{
  "exitCode": 0,
  "fixed": [],
  "prs": [],
  "escalated": [],
  "deferred": [],
  "suppressed": [],
  "skipped": [],
  "plan": [
    {
      "label": "pr-case",
      "action": "codex",
      "text": "PLAN pr-case: codex"
    }
  ]
}
{
  "exitCode": 0,
  "fixed": [],
  "prs": [],
  "escalated": [],
  "deferred": [],
  "suppressed": [],
  "skipped": [],
  "plan": [
    {
      "label": "repeat",
      "action": "escalate",
      "reason": "過去7日に2回以上deferred/prを経て再発",
      "text": "PLAN repeat: escalate(過去7日に2回以上deferred/prを経て再発)"
    }
  ]
}
fixed=0 pr=0 deferred=0 escalated=0 suppressed=0
fixed=0 pr=0 deferred=0 escalated=1 suppressed=0
✔ fingerprint ignores changing timestamps and counts (2.4057ms)
✔ self-healed and failover playbooks require a later success (0.8421ms)
✔ log contention recognizes appendLineWithRetry migration (0.2946ms)
✔ 記録の失敗で全体を落とさない: ログ追記が失敗しても複数異常を最後まで処理し通知まで到達する (7.7735ms)
✔ dry-run reports PLAN for a matching playbook and never calls apply or notification (1.2486ms)
✔ repair limit defers without decision or notification (2.1358ms)
✔ open PR defers, while merged or closed PR allows retry (2.6352ms)
✔ third recurrence after two deferred or PR outcomes escalates (1.224ms)
✔ missing and empty anomaly caches print an explicit ok line (1.5639ms)
✔ playbook exception is recorded and the next anomaly is still processed (3.1262ms)
✔ any nonzero codex exit tries cheap-code once and reports both redacted failures (3.1124ms)
⚠️ 夜間ジョブ異常 1件
- ローカルテスト: テスト実行が15分でタイムアウト
確認コマンド: node tools/nightly-health.mjs
ok:異常なし
sent:通知送信完了
sent:通知送信完了
sent:通知送信完了
sent:通知送信完了
sent:通知送信完了
sent:通知送信完了
ok:異常なし
sent:通知送信完了
sent:通知送信完了
sent:通知送信完了
ok:異常なし
ok:異常なし
sent:通知送信完了
ok:異常なし
sent:通知送信完了
sent:通知送信完了
sent:通知送信完了
ok:異常なし
sent:通知送信完了
prime:通知せず基準を記録（検知 1件）
prime:通知せず基準を記録（検知 1件）
ok:異常なし
sent:通知送信完了
ok:異常なし
⚠️ 夜間ジョブ異常 2件
- フック版ずれ: nightly-health-test-LvtDkl/checkout-a が origin/main より 3 コミット遅れ / フック実行ファイル 1件が main と不一致: hook-0.mjs
- フック版ずれ: nightly-health-test-LvtDkl/checkout-b が origin/main より 3 コミット遅れ / フック実行ファイル 1件が main と不一致: hook-1.mjs
確認コマンド: node tools/nightly-health.mjs
⚠️ 夜間ジョブ異常 1件
- フック版ずれ: nightly-health-test-vAyCYl/checkout-a が origin/main より 68 コミット遅れ / フック実行ファイル 7件が main と不一致: hook-0.mjs, hook-1.mjs, hook-2.mjs, hook-3.mjs, hook-4.mjs
確認コマンド: node tools/nightly-health.mjs
ok:異常なし
ok:異常なし
ok:異常なし
ok:異常なし
✔ defaultRunTests enforces the 15 minute hard timeout (2.5282ms)
✔ test timeout becomes one anomaly and still writes the nightly cache (10.384ms)
✔ scheduled task の起動拒否・時間超過・ログ未生成を判定する (1.7872ms)
✔ 異常ゼロなら notify が1度も呼ばれず ok:異常なし になる (4.8445ms)
✔ scan: keywords のログに error 行があれば検知され、通知本文にそのラベルが含まれる (6.6153ms)
✔ 24時間より古い失敗行は拾わない（新しい行だけ拾う） (5.31ms)
✔ 期待リストのログが存在しなければ異常として報告される (4.1788ms)
✔ maxAgeHours を超えて更新されていないログが stale として報告される (4.0198ms)
✔ テストランナーが fail>0 を返したら異常として報告される (4.6865ms)
✔ 走査済みログはオフセットにより再通知しない (10.182401ms)
✔ 実ログのゼロ件カウンタと error=- は失敗扱いしない (0.9032ms)
✔ git の同期出力は失敗扱いせず、通常の error 行は検知する (0.2974ms)
✔ Windows 形式パスは win32 では維持し linux で WSL パスへ変換する (0.2791ms)
✔ / サマリ / 行は失敗を含んでも除外する (0.1402ms)
✔ 前回オフセット以降に追記された行だけを検知する (4.7533ms)
✔ ファイル縮小時は末尾から読み直す (5.7099ms)
✔ 初回は末尾200行だけを走査する (4.5712ms)
✔ --dry-run ではオフセットを更新しない (3.3919ms)
✔ scan 省略時は stale-only になり散文の失敗語を検知しない (4.1939ms)
✔ 期待リストにないログは本文を読まず未登録のログを1行だけ付ける (5.3191ms)
✔ 未登録ログが0件なら未登録のログ行を付けない (3.6645ms)
✔ pattern は最新の日付付きログ1件だけを人間向けラベルで走査する (5.895201ms)
✔ pattern に一致するログがなければ存在しないと報告する (4.6987ms)
✔ baseline の既知失敗を本文から除き抑制件数を示し、未知失敗だけ通知する (1.6862ms)
✔ --update-baseline のときだけ現状の失敗名で baseline を上書きする (1.1392ms)
✔ 異常13件では本文を12件に制限し残数を示す (1.6412ms)
✔ ℹ fail 10 形式から失敗件数を抽出する (0.2506ms)
✔ 通知が例外を投げたら exit code 相当が 1 になる (4.1525ms)
✔ --prime は通知せずオフセットと state を記録する (4.0741ms)
✔ --prime の直後は追記が無いので異常ゼロになり通知しない (10.1559ms)
✔ 未登録ログや baseline 抑制だけでは通知しない（平穏な夜は無音） (4.0527ms)
✔ 全フックから node の mjs と PowerShell -File の ps1 絶対パスを抽出する (0.8524ms)
✔ 複数チェックアウトのフックをルートごとにまとめて判定する (5.9492ms)
✔ 不一致ファイルをチェックアウトごとに1 anomalyへまとめ名前は最大5件にする (6.2922ms)
✔ 内容が一致すれば100コミット遅れでも報告しない (4.534001ms)
✔ origin/main に存在しないフックファイルは不一致に数えない (4.5697ms)
✔ git fetch 失敗は理由を1行出してチェックアウト判定を異常なしでスキップする (3.6814ms)
✔ settings.json が読めないかフックが無ければ git を呼ばず何も報告しない (5.8943ms)
✔ booth feedback uses the registered Intake task name (3.0758ms)
✔ tools 内の相対 import は tools 外へ出ない (1990.804043ms)
✔ 修正前の growi-manual 型の違反を検出する (1.5922ms)
✔ medium / high は各ツールで警告も拒否も出さない (791.549117ms)
✔ Edit は settings.json の許容外 effortLevel だけ block する (0.7016ms)
✔ Bash による settings.json の low 化を block する (0.397ms)
✔ lowからmedium/highへの修復はシェル経由でも拒否しない (0.2783ms)
✔ ORGIAST_ALLOW_EFFORT_DOWNGRADE=1 なら CLI は block しない (70.687701ms)
✔ restoreEffortLevel は low を退避して medium に復元する (1.5897ms)
✔ restoreEffortLevel は high を変更しない (0.9613ms)
✔ sessionstart model: fable (147.706103ms)
✔ sessionstart model: 1m (151.379204ms)
✔ sessionstart model: unset (147.990703ms)
✔ sessionstart model: opus (146.487303ms)
✔ sessionstart model: allow (142.812503ms)
✔ sessionstart model: allow unset (136.921103ms)
ℹ tests 156
ℹ suites 0
ℹ pass 156
ℹ fail 0
ℹ cancelled 0
ℹ skipped 0
ℹ todo 0
ℹ duration_ms 2215.544948
